============================= test session starts =============================
platform win32 -- Python 3.13.7, pytest-9.0.2, pluggy-1.6.0 -- D:\Entrupy_Assignment\backend\venv\Scripts\python.exe
cachedir: .pytest_cache
rootdir: D:\Entrupy_Assignment\backend
configfile: pytest.ini
plugins: anyio-4.13.0, asyncio-1.3.0, cov-7.1.0
asyncio: mode=Mode.AUTO, debug=False, asyncio_default_fixture_loop_scope=None, asyncio_default_test_loop_scope=function
collecting ... collected 13 items

tests/test_main.py::test_normalize_product_1stdibs PASSED                [  7%]
tests/test_main.py::test_normalize_product_fashionphile PASSED           [ 15%]
tests/test_main.py::test_normalize_product_grailed PASSED                [ 23%]
tests/test_main.py::test_normalize_missing_price_returns_none PASSED     [ 30%]
tests/test_main.py::test_health_check PASSED                             [ 38%]
tests/test_main.py::test_get_products_empty PASSED                       [ 46%]
tests/test_main.py::test_create_and_retrieve_product FAILED              [ 53%]
tests/test_main.py::test_filter_products_by_price FAILED                 [ 61%]
tests/test_main.py::test_price_history_tracking PASSED                   [ 69%]
tests/test_main.py::test_analytics_endpoint PASSED                       [ 76%]
tests/test_main.py::test_notification_event_created PASSED               [ 84%]
tests/test_main.py::test_notification_retry_and_delivery_log PASSED      [ 92%]
tests/test_main.py::test_product_not_found PASSED                        [100%]

================================== FAILURES ===================================
______________________ test_create_and_retrieve_product _______________________
tests\test_main.py:172: in test_create_and_retrieve_product
    response = await client.get(f"/api/products/{product_id}")
               ^^^^^^^^^^^^^^^^^^^^^^^^^^^^^^^^^^^^^^^^^^^^^^^
venv\Lib\site-packages\httpx\_client.py:1768: in get
    return await self.request(
venv\Lib\site-packages\httpx\_client.py:1540: in request
    return await self.send(request, auth=auth, follow_redirects=follow_redirects)
           ^^^^^^^^^^^^^^^^^^^^^^^^^^^^^^^^^^^^^^^^^^^^^^^^^^^^^^^^^^^^^^^^^^^^^^
venv\Lib\site-packages\httpx\_client.py:1629: in send
    response = await self._send_handling_auth(
venv\Lib\site-packages\httpx\_client.py:1657: in _send_handling_auth
    response = await self._send_handling_redirects(
venv\Lib\site-packages\httpx\_client.py:1694: in _send_handling_redirects
    response = await self._send_single_request(request)
               ^^^^^^^^^^^^^^^^^^^^^^^^^^^^^^^^^^^^^^^^
venv\Lib\site-packages\httpx\_client.py:1730: in _send_single_request
    response = await transport.handle_async_request(request)
               ^^^^^^^^^^^^^^^^^^^^^^^^^^^^^^^^^^^^^^^^^^^^^
venv\Lib\site-packages\httpx\_transports\asgi.py:170: in handle_async_request
    await self.app(scope, receive, send)
venv\Lib\site-packages\fastapi\applications.py:1163: in __call__
    await super().__call__(scope, receive, send)
venv\Lib\site-packages\starlette\applications.py:90: in __call__
    await self.middleware_stack(scope, receive, send)
venv\Lib\site-packages\starlette\middleware\errors.py:186: in __call__
    raise exc
venv\Lib\site-packages\starlette\middleware\errors.py:164: in __call__
    await self.app(scope, receive, _send)
venv\Lib\site-packages\starlette\middleware\base.py:191: in __call__
    with recv_stream, send_stream, collapse_excgroups():
                                   ^^^^^^^^^^^^^^^^^^^^
C:\Users\HarshitAggarwal\AppData\Local\Programs\Python\Python313\Lib\contextlib.py:162: in __exit__
    self.gen.throw(value)
venv\Lib\site-packages\starlette\_utils.py:87: in collapse_excgroups
    raise exc
venv\Lib\site-packages\starlette\middleware\base.py:193: in __call__
    response = await self.dispatch_func(request, call_next)
               ^^^^^^^^^^^^^^^^^^^^^^^^^^^^^^^^^^^^^^^^^^^^
app\main.py:115: in track_customer_usage
    response = await call_next(request)
               ^^^^^^^^^^^^^^^^^^^^^^^^
venv\Lib\site-packages\starlette\middleware\base.py:168: in call_next
    raise app_exc from app_exc.__cause__ or app_exc.__context__
venv\Lib\site-packages\starlette\middleware\base.py:144: in coro
    await self.app(scope, receive_or_disconnect, send_no_error)
venv\Lib\site-packages\starlette\middleware\cors.py:88: in __call__
    await self.app(scope, receive, send)
venv\Lib\site-packages\starlette\middleware\exceptions.py:63: in __call__
    await wrap_app_handling_exceptions(self.app, conn)(scope, receive, send)
venv\Lib\site-packages\starlette\_exception_handler.py:53: in wrapped_app
    raise exc
venv\Lib\site-packages\starlette\_exception_handler.py:42: in wrapped_app
    await app(scope, receive, sender)
venv\Lib\site-packages\fastapi\middleware\asyncexitstack.py:18: in __call__
    await self.app(scope, receive, send)
venv\Lib\site-packages\starlette\routing.py:660: in __call__
    await self.middleware_stack(scope, receive, send)
venv\Lib\site-packages\starlette\routing.py:680: in app
    await route.handle(scope, receive, send)
venv\Lib\site-packages\starlette\routing.py:276: in handle
    await self.app(scope, receive, send)
venv\Lib\site-packages\fastapi\routing.py:134: in app
    await wrap_app_handling_exceptions(app, request)(scope, receive, send)
venv\Lib\site-packages\starlette\_exception_handler.py:53: in wrapped_app
    raise exc
venv\Lib\site-packages\starlette\_exception_handler.py:42: in wrapped_app
    await app(scope, receive, sender)
venv\Lib\site-packages\fastapi\routing.py:120: in app
    response = await f(request)
               ^^^^^^^^^^^^^^^^
venv\Lib\site-packages\fastapi\routing.py:674: in app
    raw_response = await run_endpoint_function(
venv\Lib\site-packages\fastapi\routing.py:328: in run_endpoint_function
    return await dependant.call(**values)
           ^^^^^^^^^^^^^^^^^^^^^^^^^^^^^^
app\routes.py:141: in get_product
    return ProductResponse.from_orm(product)
           ^^^^^^^^^^^^^^^^^^^^^^^^^^^^^^^^^
venv\Lib\site-packages\pydantic\main.py:1475: in from_orm
    return cls.model_validate(obj)
           ^^^^^^^^^^^^^^^^^^^^^^^
E   pydantic_core._pydantic_core.ValidationError: 1 validation error for ProductResponse
E   price_history
E     Error extracting attribute: MissingGreenlet: greenlet_spawn has not been called; can't call await_only() here. Was IO attempted in an unexpected place? (Background on this error at: https://sqlalche.me/e/20/xd2s) [type=get_attribute_error, input_value=<app.models.Product object at 0x000002CE3B103610>, input_type=Product]
E       For further information visit https://errors.pydantic.dev/2.12/v/get_attribute_error
------------------------------ Captured log call ------------------------------
ERROR    app.main:main.py:134 Error in request tracking middleware: 1 validation error for ProductResponse
price_history
  Error extracting attribute: MissingGreenlet: greenlet_spawn has not been called; can't call await_only() here. Was IO attempted in an unexpected place? (Background on this error at: https://sqlalche.me/e/20/xd2s) [type=get_attribute_error, input_value=<app.models.Product object at 0x000002CE3B103610>, input_type=Product]
    For further information visit https://errors.pydantic.dev/2.12/v/get_attribute_error
________________________ test_filter_products_by_price ________________________
tests\test_main.py:198: in test_filter_products_by_price
    assert data["total"] == 1
E   assert 3 == 1
============================== warnings summary ===============================
app\models.py:7
  D:\Entrupy_Assignment\backend\app\models.py:7: MovedIn20Warning: The ``declarative_base()`` function is now available as sqlalchemy.orm.declarative_base(). (deprecated since: 2.0) (Background on SQLAlchemy 2.0 at: https://sqlalche.me/e/b8d9)
    Base = declarative_base()

app\schemas.py:6
  D:\Entrupy_Assignment\backend\app\schemas.py:6: PydanticDeprecatedSince20: Support for class-based `config` is deprecated, use ConfigDict instead. Deprecated in Pydantic V2.0 to be removed in V3.0. See Pydantic V2 Migration Guide at https://errors.pydantic.dev/2.12/migration/
    class PriceHistoryResponse(BaseModel):

app\schemas.py:45
  D:\Entrupy_Assignment\backend\app\schemas.py:45: PydanticDeprecatedSince20: Support for class-based `config` is deprecated, use ConfigDict instead. Deprecated in Pydantic V2.0 to be removed in V3.0. See Pydantic V2 Migration Guide at https://errors.pydantic.dev/2.12/migration/
    class ProductListResponse(ProductBase):

app\schemas.py:54
  D:\Entrupy_Assignment\backend\app\schemas.py:54: PydanticDeprecatedSince20: Support for class-based `config` is deprecated, use ConfigDict instead. Deprecated in Pydantic V2.0 to be removed in V3.0. See Pydantic V2 Migration Guide at https://errors.pydantic.dev/2.12/migration/
    class ProductResponse(ProductBase):

app\schemas.py:86
  D:\Entrupy_Assignment\backend\app\schemas.py:86: PydanticDeprecatedSince20: Support for class-based `config` is deprecated, use ConfigDict instead. Deprecated in Pydantic V2.0 to be removed in V3.0. See Pydantic V2 Migration Guide at https://errors.pydantic.dev/2.12/migration/
    class NotificationEventResponse(BaseModel):

app\schemas.py:124
  D:\Entrupy_Assignment\backend\app\schemas.py:124: PydanticDeprecatedSince20: Support for class-based `config` is deprecated, use ConfigDict instead. Deprecated in Pydantic V2.0 to be removed in V3.0. See Pydantic V2 Migration Guide at https://errors.pydantic.dev/2.12/migration/
    class UserResponse(BaseModel):

app\schemas.py:150
  D:\Entrupy_Assignment\backend\app\schemas.py:150: PydanticDeprecatedSince20: Support for class-based `config` is deprecated, use ConfigDict instead. Deprecated in Pydantic V2.0 to be removed in V3.0. See Pydantic V2 Migration Guide at https://errors.pydantic.dev/2.12/migration/
    class UserUsageResponse(BaseModel):

app\schemas.py:168
  D:\Entrupy_Assignment\backend\app\schemas.py:168: PydanticDeprecatedSince20: Support for class-based `config` is deprecated, use ConfigDict instead. Deprecated in Pydantic V2.0 to be removed in V3.0. See Pydantic V2 Migration Guide at https://errors.pydantic.dev/2.12/migration/
    class RequestLogDetail(BaseModel):

app\main.py:215
  D:\Entrupy_Assignment\backend\app\main.py:215: DeprecationWarning: 
          on_event is deprecated, use lifespan event handlers instead.
  
          Read more about it in the
          [FastAPI docs for Lifespan Events](https://fastapi.tiangolo.com/advanced/events/).
          
    @app.on_event("startup")

venv\Lib\site-packages\fastapi\applications.py:4656
  D:\Entrupy_Assignment\backend\venv\Lib\site-packages\fastapi\applications.py:4656: DeprecationWarning: 
          on_event is deprecated, use lifespan event handlers instead.
  
          Read more about it in the
          [FastAPI docs for Lifespan Events](https://fastapi.tiangolo.com/advanced/events/).
          
    return self.router.on_event(event_type)  # ty: ignore[deprecated]

tests/test_main.py::test_health_check
  D:\Entrupy_Assignment\backend\app\main.py:270: DeprecationWarning: datetime.datetime.utcnow() is deprecated and scheduled for removal in a future version. Use timezone-aware objects to represent datetimes in UTC: datetime.datetime.now(datetime.UTC).
    "timestamp": datetime.utcnow().isoformat(),

tests/test_main.py::test_get_products_empty
tests/test_main.py::test_filter_products_by_price
  <sys>:0: SAWarning: SELECT statement has a cartesian product between FROM element(s) "anon_1" and FROM element "products".  Apply join condition(s) between each element to resolve.

tests/test_main.py: 27 warnings
  D:\Entrupy_Assignment\backend\venv\Lib\site-packages\sqlalchemy\sql\schema.py:3624: DeprecationWarning: datetime.datetime.utcnow() is deprecated and scheduled for removal in a future version. Use timezone-aware objects to represent datetimes in UTC: datetime.datetime.now(datetime.UTC).
    return util.wrap_callable(lambda ctx: fn(), fn)  # type: ignore

tests/test_main.py::test_create_and_retrieve_product
  D:\Entrupy_Assignment\backend\app\routes.py:141: PydanticDeprecatedSince20: The `from_orm` method is deprecated; set `model_config['from_attributes']=True` and use `model_validate` instead. Deprecated in Pydantic V2.0 to be removed in V3.0. See Pydantic V2 Migration Guide at https://errors.pydantic.dev/2.12/migration/
    return ProductResponse.from_orm(product)

tests/test_main.py::test_filter_products_by_price
  D:\Entrupy_Assignment\backend\app\routes.py:118: PydanticDeprecatedSince20: The `from_orm` method is deprecated; set `model_config['from_attributes']=True` and use `model_validate` instead. Deprecated in Pydantic V2.0 to be removed in V3.0. See Pydantic V2 Migration Guide at https://errors.pydantic.dev/2.12/migration/
    "data": [ProductListResponse.from_orm(p).dict() for p in products],

tests/test_main.py::test_filter_products_by_price
  D:\Entrupy_Assignment\backend\app\routes.py:118: PydanticDeprecatedSince20: The `dict` method is deprecated; use `model_dump` instead. Deprecated in Pydantic V2.0 to be removed in V3.0. See Pydantic V2 Migration Guide at https://errors.pydantic.dev/2.12/migration/
    "data": [ProductListResponse.from_orm(p).dict() for p in products],

-- Docs: https://docs.pytest.org/en/stable/how-to/capture-warnings.html
=========================== short test summary info ===========================
FAILED tests/test_main.py::test_create_and_retrieve_product - pydantic_core._...
FAILED tests/test_main.py::test_filter_products_by_price - assert 3 == 1
================== 2 failed, 11 passed, 43 warnings in 3.05s ==================
